// Jest Snapshot v1, https://goo.gl/fbAQLP

exports[`Should correctly render TimeForm 1`] = `
<div>
  <form
    noValidate={true}
  >
    <[object Object]
      InputLabelProps={
        Object {
          "shrink": true,
        }
      }
      id="startTime"
      inputProps={
        Object {
          "step": 900,
        }
      }
      label="Start Time"
      onChange={[Function]}
      type="time"
      value="17:00"
    />
    <br />
    <[object Object]
      InputLabelProps={
        Object {
          "shrink": true,
        }
      }
      id="endTime"
      inputProps={
        Object {
          "step": 900,
        }
      }
      label="End Time"
      onChange={[Function]}
      type="time"
      value="04:00"
    />
    <br />
    <br />
    <label
      htmlFor="family"
    >
      Which family: 
    </label>
    <select
      id="family"
      name="family"
      onChange={[Function]}
    >
      <option
        value="-1"
      >
        ---
      </option>
      <option
        value="a"
      >
        Addams
      </option>
      <option
        value="b"
      >
        Bennett
      </option>
      <option
        value="c"
      >
        Church
      </option>
    </select>
  </form>
  <br />
  <button
    disabled={true}
    onClick={[Function]}
  >
    Update time:
  </button>
  <p>
    660
  </p>
</div>
`;
